-6.974999906e-06 
-6.969999959e-06 
-6.965000011e-06 
-6.960000064e-06 
-6.955000117e-06 
-6.949999715e-06 
-6.944999768e-06 
-6.939999821e-06 
-6.934999874e-06 
-6.929999927e-06 
-6.924999980e-06 
-6.920000033e-06 
-6.915000085e-06 
-6.909999684e-06 
-6.905000191e-06 
-6.899999789e-06 
-6.894999842e-06 
-6.889999895e-06 
-6.884999948e-06 
-6.879999546e-06 
-6.875000054e-06 
-6.870000107e-06 
-6.865000159e-06 
-6.859999758e-06 
-6.854999810e-06 
-6.849999863e-06 
-6.844999916e-06 
-6.839999969e-06 
-6.835000022e-06 
-6.829999620e-06 
-6.824999673e-06 
-6.820000181e-06 
