-7.009420013e+01 
-6.919543457e+01 
-6.829649353e+01 
-6.739746094e+01 
-6.649819183e+01 
-6.559883881e+01 
-6.469939423e+01 
-6.379967499e+01 
-6.289991379e+01 
-6.200001526e+01 
-6.109993362e+01 
-6.019976044e+01 
-5.929936218e+01 
-5.839887238e+01 
-5.749824524e+01 
-5.659743500e+01 
-5.569653702e+01 
-5.479540634e+01 
-5.389423370e+01 
-5.299283600e+01 
-5.209148026e+01 
-5.118980789e+01 
-5.028808975e+01 
-4.938614273e+01 
-4.848401642e+01 
-4.758188629e+01 
-4.667957687e+01 
-4.577713013e+01 
-4.487454987e+01 
-4.397178268e+01 
-4.306888199e+01 
-4.216598129e+01 
