5.821200088e-03 
5.636400077e-03 
5.451600067e-03 
5.266800057e-03 
5.082000047e-03 
4.897200037e-03 
4.712400027e-03 
4.527600016e-03 
4.342800006e-03 
4.157999996e-03 
3.973199986e-03 
3.788399976e-03 
3.603599966e-03 
3.418799955e-03 
3.233999945e-03 
3.049199935e-03 
2.864399925e-03 
2.679599915e-03 
2.494799905e-03 
2.309999894e-03 
2.125199884e-03 
1.940399990e-03 
1.755599980e-03 
1.570799970e-03 
1.385999960e-03 
1.201199950e-03 
1.016400056e-03 
8.315999876e-04 
6.467999774e-04 
4.619999963e-04 
2.771999862e-04 
9.239999781e-05 
